> 
> 
> date()
[1] "Sat Apr 18 14:11:16 2020"
> unique_data_set_base_model <- svm(Label ~ ., data=unique_data, type = 'C-classification' , kernel='linear')
> date()
[1] "Sat Apr 18 14:11:17 2020"
> all_dataset_base_model <- svm(Label ~ ., data=all_dataset, type = 'C-classification' , kernel='linear')
> date()
[1] "Sat Apr 18 14:37:57 2020"
> 
> y_pred <- predict(all_dataset_base_model ,all_dataset[,c("mean_fpktl","mean_bpktl","std_fpktl","std_bpktl")])
> cf_matrix <- confusionMatrix(y_pred,all_dataset[,c("Label")])
> print(paste("Confusion matrix for iteration is"))
[1] "Confusion matrix for iteration is"
> print(cf_matrix)
Confusion Matrix and Statistics

                 Reference
Prediction        Benign MalwareActivity MalwareAttack
  Benign              45               0             3
  MalwareActivity    407           11847            95
  MalwareAttack       81              26        105177

Overall Statistics
                                          
               Accuracy : 0.9948          
                 95% CI : (0.9944, 0.9952)
    No Information Rate : 0.8946          
    P-Value [Acc > NIR] : < 2.2e-16       
                                          
                  Kappa : 0.9725          
                                          
 Mcnemar's Test P-Value : < 2.2e-16       

Statistics by Class:

                     Class: Benign Class: MalwareActivity Class: MalwareAttack
Sensitivity              0.0844278                 0.9978               0.9991
Specificity              0.9999744                 0.9953               0.9914
Pos Pred Value           0.9375000                 0.9593               0.9990
Neg Pred Value           0.9958515                 0.9998               0.9921
Prevalence               0.0045292                 0.1009               0.8946
Detection Rate           0.0003824                 0.1007               0.8937
Detection Prevalence     0.0004079                 0.1049               0.8947
Balanced Accuracy        0.5422011                 0.9965               0.9952
> 
> 
> all_dataset_base_model$tot.nSV
[1] 3882
> all_dataset_base_model$nSV
[1] 1842 1521  519
> 
> 
> 
> y_pred <- predict(unique_data_set_base_model ,all_dataset[,c("mean_fpktl","mean_bpktl","std_fpktl","std_bpktl")])
> cf_matrix <- confusionMatrix(y_pred,all_dataset[,c("Label")])
> print(paste("Confusion matrix for iteration is"))
[1] "Confusion matrix for iteration is"
> print(cf_matrix)
Confusion Matrix and Statistics

                 Reference
Prediction        Benign MalwareActivity MalwareAttack
  Benign             106              52         39617
  MalwareActivity    423           11816         65626
  MalwareAttack        4               5            32

Overall Statistics
                                          
               Accuracy : 0.1016          
                 95% CI : (0.0999, 0.1033)
    No Information Rate : 0.8946          
    P-Value [Acc > NIR] : 1               
                                          
                  Kappa : 0.0354          
                                          
 Mcnemar's Test P-Value : <2e-16          

Statistics by Class:

                     Class: Benign Class: MalwareActivity Class: MalwareAttack
Sensitivity              0.1988743                 0.9952            0.0003040
Specificity              0.6613771                 0.3758            0.9992745
Pos Pred Value           0.0026650                 0.1517            0.7804878
Neg Pred Value           0.9945190                 0.9986            0.1053808
Prevalence               0.0045292                 0.1009            0.8945794
Detection Rate           0.0009007                 0.1004            0.0002719
Detection Prevalence     0.3379900                 0.6617            0.0003484
Balanced Accuracy        0.4301257                 0.6855            0.4997893
> 
> unique_data_set_base_model$nSV
[1] 142 141  71
> unique_data_set_base_model$tot.nSV
[1] 354
> 
> 
> 
> 
> y_pred <- predict(all_dataset_base_model ,unique_data[,c("mean_fpktl","mean_bpktl","std_fpktl","std_bpktl")])
> cf_matrix <- confusionMatrix(y_pred,all_dataset[,c("Label")])
Error in table(data, reference, dnn = dnn, ...) : 
  all arguments must have the same length
> print(paste("Confusion matrix for iteration is"))
[1] "Confusion matrix for iteration is"
> print(cf_matrix)
Confusion Matrix and Statistics

                 Reference
Prediction        Benign MalwareActivity MalwareAttack
  Benign             106              52         39617
  MalwareActivity    423           11816         65626
  MalwareAttack        4               5            32

Overall Statistics
                                          
               Accuracy : 0.1016          
                 95% CI : (0.0999, 0.1033)
    No Information Rate : 0.8946          
    P-Value [Acc > NIR] : 1               
                                          
                  Kappa : 0.0354          
                                          
 Mcnemar's Test P-Value : <2e-16          

Statistics by Class:

                     Class: Benign Class: MalwareActivity Class: MalwareAttack
Sensitivity              0.1988743                 0.9952            0.0003040
Specificity              0.6613771                 0.3758            0.9992745
Pos Pred Value           0.0026650                 0.1517            0.7804878
Neg Pred Value           0.9945190                 0.9986            0.1053808
Prevalence               0.0045292                 0.1009            0.8945794
Detection Rate           0.0009007                 0.1004            0.0002719
Detection Prevalence     0.3379900                 0.6617            0.0003484
Balanced Accuracy        0.4301257                 0.6855            0.4997893
> 
> 
> 
> 
> y_pred <- predict(all_dataset_base_model ,unique_data[,c("mean_fpktl","mean_bpktl","std_fpktl","std_bpktl")])
> cf_matrix <- confusionMatrix(y_pred,unique_data[,c("Label")])
> print(paste("Confusion matrix for iteration is"))
[1] "Confusion matrix for iteration is"
> print(cf_matrix)
Confusion Matrix and Statistics

                 Reference
Prediction        Benign MalwareActivity MalwareAttack
  Benign              42               0             1
  MalwareActivity    121            1289            58
  MalwareAttack       22               6            14

Overall Statistics
                                          
               Accuracy : 0.8661          
                 95% CI : (0.8481, 0.8826)
    No Information Rate : 0.8339          
    P-Value [Acc > NIR] : 0.0002684       
                                          
                  Kappa : 0.3536          
                                          
 Mcnemar's Test P-Value : < 2.2e-16       

Statistics by Class:

                     Class: Benign Class: MalwareActivity Class: MalwareAttack
Sensitivity                0.22703                 0.9954             0.191781
Specificity                0.99927                 0.3062             0.981081
Pos Pred Value             0.97674                 0.8781             0.333333
Neg Pred Value             0.90530                 0.9294             0.960953
Prevalence                 0.11912                 0.8339             0.047006
Detection Rate             0.02704                 0.8300             0.009015
Detection Prevalence       0.02769                 0.9453             0.027044
Balanced Accuracy          0.61315                 0.6508             0.586431
> 
> 
> 
> 
> 
> svm_linear_iterative_removal_of_vecs <- function(dataset,iterations=1) {
+ orig_training_set <- dataset
+ prev_training_set <- orig_training_set
+ 
+ prev_supp_vec_idx = list()
+ prev_supp_vec = list()
+ 
+ support_vec_idx_by_iter = list()
+ training_set_arr_by_iter = list()
+ 
+ #all_support_vecs = list()
+ all_support_idx = list()
+ all_training_set = list()
+ iters <- c(1:iterations)
+ for (iter in iters) {
+ print("********************************************************************")
+ print(date())
+ #date()
+ print(paste("Iteration ",toString(iter)))
+ if(length(prev_supp_vec_idx) > 0) {
+ prev_training_set <- prev_training_set[-prev_supp_vec_idx,]
+ }
+ print("==============================================================================")
+ print("==============================================================================")
+ print("==============================================================================")
+ print(paste("10-FOLD CROSS VALIDATION RESULT FOR DATASET DIM",dim(prev_training_set)))
+ lin_svm_cross_validation_10_fun(prev_training_set)
+ print("==============================================================================")
+ print("==============================================================================")
+ print("==============================================================================")
+ print("Training set dimensions")
+ print(dim(prev_training_set))
+ print(paste("Starting training linear SVM model for iteration ", toString(iter)))
+ print(date())
+ train_svm_model <- svm(Label ~ ., data=prev_training_set, type = 'C-classification' , kernel='linear')
+ print(date())
+ print(paste("End training linear SVM model for iteration ", toString(iter)))
+ 
+ print(paste("No of support vectors",toString(train_svm_model$tot.nSV),"in iteration ", toString(iter)))
+ prev_supp_vec_idx <- train_svm_model$index
+ #print(paste("Coefficients of the hyperplane is ",coef(train_svm_model)))
+ #print("Fetching coefficients for classes")
+ #
+         #
+ #class_1_sv_idx <- c(1,train_svm_model$nSV[1])
+ #class_2_sv_idx <- c(class_1_sv_idx[2]+1,class_1_sv_idx[2] + train_svm_model$nSV[2])
+ #class_3_sv_idx <- c(class_2_sv_idx[2]+1,class_2_sv_idx[2] + train_svm_model$nSV[3])
+ #
+ #class_1_2_coeff <-  c(train_svm_model$coefs[c(class_1_sv_idx[1]:class_1_sv_idx[2]),1],train_svm_model$coefs[c(class_2_sv_idx[1]:class_2_sv_idx[2]),1])
+ #class_1_3_coeff <-  c(train_svm_model$coefs[c(class_1_sv_idx[1]:class_1_sv_idx[2]),2],train_svm_model$coefs[c(class_3_sv_idx[1]:class_3_sv_idx[2]),1])
+ #class_2_3_coeff <-  c(train_svm_model$coefs[c(class_2_sv_idx[1]:class_2_sv_idx[2]),2],train_svm_model$coefs[c(class_3_sv_idx[1]:class_3_sv_idx[2]),2])
+ #print(paste("Class 1-2 alpha-coefficients are of length : ", toString(dim(t(class_1_2_coeff)))))
+ #print(paste("Class 2-3 alpha-coefficients are of length : ", toString(dim(t(class_2_3_coeff)))))
+ #print(paste("Class 1-3 alpha-coefficients are of length : ", toString(dim(t(class_1_3_coeff)))))
+         #
+ ##print(paste("Class 1-2 alpha-coefficients are of length : ", toString(length(class_1_2_coeff))))
+ ##print(paste("Class 2-3 alpha-coefficients are of length : ", toString(length(class_2_3_coeff))))
+ ##print(paste("Class 1-3 alpha-coefficients are of length : ", toString(length(class_1_3_coeff))))
+         #
+         #
+ #class_1_2_sv <- train_svm_model$SV[c(class_1_sv_idx[1]:class_1_sv_idx[2],class_2_sv_idx[1]:class_2_sv_idx[2]),]
+ #class_1_3_sv <- train_svm_model$SV[c(class_1_sv_idx[1]:class_1_sv_idx[2],class_3_sv_idx[1]:class_3_sv_idx[2]),]
+ #class_2_3_sv <- train_svm_model$SV[c(class_2_sv_idx[1]:class_2_sv_idx[2],class_3_sv_idx[1]:class_3_sv_idx[2]),]
+ #print(paste("Class 1-2 support-vectors are of length : ", toString(dim(class_1_2_sv))))
+ #print(paste("Class 1-3 support-vectors are of length : ", toString(dim(class_1_3_sv))))
+ #print(paste("Class 2-3 support-vectors are of length : ", toString(dim(class_2_3_sv))))
+         #
+         #
+ #weight_class_1_2 <- (t(class_1_2_coeff) %*% class_1_2_sv )
+ #weight_class_1_3 <- (t(class_1_3_coeff) %*% class_1_3_sv )
+ #weight_class_2_3 <- (t(class_2_3_coeff) %*% class_2_3_sv )
+ #print(paste("Class 1-2 weights are of length : ", toString(dim(weight_class_1_2))))
+ #print(paste("Class 1-3 weights are of length : ", toString(dim(weight_class_1_3))))
+ #print(paste("Class 2-3 weights are of length : ", toString(dim(weight_class_2_3))))
+         #
+ ##slope_class_1_2 <- 
+ ##slope_class_1_3 <-
+ ##slope_class_2_3 <- 
+ #
+ ##margin_class_1_2 <-  TO DO
+         #
+ ##slope <- -(coef(train_svm_model)[2]/coef(train_svm_model)[3])
+ ##angle <- atan(slope)*180/pi
+ 
+ support_vec_idx_by_iter[iter] <- list(train_svm_model$index)
+ training_set_arr_by_iter[iter] <- list(prev_training_set)
+ 
+ #all_support_vecs <- c(all_support_vecs,train_svm_model$SV)
+ all_support_idx <- c(all_support_idx,train_svm_model$index)
+ 
+ test_set <- unique_data 
+ print(paste("unique-test-set size",dim(test_set)))
+ y_pred <- predict(train_svm_model,test_set[,c("mean_fpktl","mean_bpktl","std_fpktl","std_bpktl")])
+ cf_matrix <- confusionMatrix(y_pred,test_set[,c("Label")])
+ print(paste("Confusion matrix for iteration ",toString(iter)))
+ print(cf_matrix)
+ 
+ 
+ 
+ test_set <- all_dataset 
+ print(paste("alldata-test-set size",dim(test_set)))
+ y_pred <- predict(train_svm_model,test_set[,c("mean_fpktl","mean_bpktl","std_fpktl","std_bpktl")])
+ cf_matrix <- confusionMatrix(y_pred,test_set[,c("Label")])
+ print(paste("Confusion matrix for iteration ",toString(iter)))
+ print(cf_matrix)
+ 
+ print(date())
+ print("********************************************************************")
+ }
+ }
> 
> 
> 
> svm_linear_iterative_removal_of_vecs(unique_data,5)
[1] "********************************************************************"
[1] "Sat Apr 18 14:52:20 2020"
[1] "Iteration  1"
[1] "=============================================================================="
[1] "=============================================================================="
[1] "=============================================================================="
[1] "10-FOLD CROSS VALIDATION RESULT FOR DATASET DIM 1553" "10-FOLD CROSS VALIDATION RESULT FOR DATASET DIM 5"   
[1] "Input Dataset dimensions "
[1] 1553    5
[1] "********************************************************************"
[1] "Sat Apr 18 14:52:20 2020"
[1] "Sat Apr 18 14:52:20 2020"
[1] "Confusion matrix is :: "
Confusion Matrix and Statistics

                 Reference
Prediction        Benign MalwareActivity MalwareAttack
  Benign               9               0             2
  MalwareActivity     10             129             3
  MalwareAttack        0               0             2

Overall Statistics
                                          
               Accuracy : 0.9032          
                 95% CI : (0.8454, 0.9448)
    No Information Rate : 0.8323          
    P-Value [Acc > NIR] : 0.008640        
                                          
                  Kappa : 0.576           
                                          
 Mcnemar's Test P-Value : 0.001817        

Statistics by Class:

                     Class: Benign Class: MalwareActivity Class: MalwareAttack
Sensitivity                0.47368                 1.0000              0.28571
Specificity                0.98529                 0.5000              1.00000
Pos Pred Value             0.81818                 0.9085              1.00000
Neg Pred Value             0.93056                 1.0000              0.96732
Prevalence                 0.12258                 0.8323              0.04516
Detection Rate             0.05806                 0.8323              0.01290
Detection Prevalence       0.07097                 0.9161              0.01290
Balanced Accuracy          0.72949                 0.7500              0.64286
[1] "Accuracy is :  0.903225806451613"
[1] "********************************************************************"
[1] "Sat Apr 18 14:52:20 2020"
[1] "Sat Apr 18 14:52:20 2020"
[1] "Confusion matrix is :: "
Confusion Matrix and Statistics

                 Reference
Prediction        Benign MalwareActivity MalwareAttack
  Benign              11               0             5
  MalwareActivity      8             130             2
  MalwareAttack        0               0             1

Overall Statistics
                                          
               Accuracy : 0.9045          
                 95% CI : (0.8473, 0.9455)
    No Information Rate : 0.828           
    P-Value [Acc > NIR] : 0.004969        
                                          
                  Kappa : 0.6163          
                                          
 Mcnemar's Test P-Value : 0.001817        

Statistics by Class:

                     Class: Benign Class: MalwareActivity Class: MalwareAttack
Sensitivity                0.57895                 1.0000             0.125000
Specificity                0.96377                 0.6296             1.000000
Pos Pred Value             0.68750                 0.9286             1.000000
Neg Pred Value             0.94326                 1.0000             0.955128
Prevalence                 0.12102                 0.8280             0.050955
Detection Rate             0.07006                 0.8280             0.006369
Detection Prevalence       0.10191                 0.8917             0.006369
Balanced Accuracy          0.77136                 0.8148             0.562500
[1] "Accuracy is :  0.904458598726115"
[1] "********************************************************************"
[1] "Sat Apr 18 14:52:20 2020"
[1] "Sat Apr 18 14:52:21 2020"
[1] "Confusion matrix is :: "
Confusion Matrix and Statistics

                 Reference
Prediction        Benign MalwareActivity MalwareAttack
  Benign               9               1             1
  MalwareActivity      8             129             4
  MalwareAttack        1               0             2

Overall Statistics
                                          
               Accuracy : 0.9032          
                 95% CI : (0.8454, 0.9448)
    No Information Rate : 0.8387          
    P-Value [Acc > NIR] : 0.01476         
                                          
                  Kappa : 0.5754          
                                          
 Mcnemar's Test P-Value : 0.02393         

Statistics by Class:

                     Class: Benign Class: MalwareActivity Class: MalwareAttack
Sensitivity                0.50000                 0.9923              0.28571
Specificity                0.98540                 0.5200              0.99324
Pos Pred Value             0.81818                 0.9149              0.66667
Neg Pred Value             0.93750                 0.9286              0.96711
Prevalence                 0.11613                 0.8387              0.04516
Detection Rate             0.05806                 0.8323              0.01290
Detection Prevalence       0.07097                 0.9097              0.01935
Balanced Accuracy          0.74270                 0.7562              0.63948
[1] "Accuracy is :  0.903225806451613"
[1] "********************************************************************"
[1] "Sat Apr 18 14:52:21 2020"
[1] "Sat Apr 18 14:52:21 2020"
[1] "Confusion matrix is :: "
Confusion Matrix and Statistics

                 Reference
Prediction        Benign MalwareActivity MalwareAttack
  Benign               4               0             2
  MalwareActivity     13             129             2
  MalwareAttack        1               0             3

Overall Statistics
                                          
               Accuracy : 0.8831          
                 95% CI : (0.8216, 0.9292)
    No Information Rate : 0.8377          
    P-Value [Acc > NIR] : 0.073489        
                                          
                  Kappa : 0.446           
                                          
 Mcnemar's Test P-Value : 0.001553        

Statistics by Class:

                     Class: Benign Class: MalwareActivity Class: MalwareAttack
Sensitivity                0.22222                 1.0000              0.42857
Specificity                0.98529                 0.4000              0.99320
Pos Pred Value             0.66667                 0.8958              0.75000
Neg Pred Value             0.90541                 1.0000              0.97333
Prevalence                 0.11688                 0.8377              0.04545
Detection Rate             0.02597                 0.8377              0.01948
Detection Prevalence       0.03896                 0.9351              0.02597
Balanced Accuracy          0.60376                 0.7000              0.71088
[1] "Accuracy is :  0.883116883116883"
[1] "********************************************************************"
[1] "Sat Apr 18 14:52:21 2020"
[1] "Sat Apr 18 14:52:21 2020"
[1] "Confusion matrix is :: "
Confusion Matrix and Statistics

                 Reference
Prediction        Benign MalwareActivity MalwareAttack
  Benign               5               0             2
  MalwareActivity     13             130             5
  MalwareAttack        0               0             1

Overall Statistics
                                         
               Accuracy : 0.8718         
                 95% CI : (0.809, 0.9199)
    No Information Rate : 0.8333         
    P-Value [Acc > NIR] : 0.1164133      
                                         
                  Kappa : 0.3712         
                                         
 Mcnemar's Test P-Value : 0.0001697      

Statistics by Class:

                     Class: Benign Class: MalwareActivity Class: MalwareAttack
Sensitivity                0.27778                 1.0000              0.12500
Specificity                0.98551                 0.3077              1.00000
Pos Pred Value             0.71429                 0.8784              1.00000
Neg Pred Value             0.91275                 1.0000              0.95484
Prevalence                 0.11538                 0.8333              0.05128
Detection Rate             0.03205                 0.8333              0.00641
Detection Prevalence       0.04487                 0.9487              0.00641
Balanced Accuracy          0.63164                 0.6538              0.56250
[1] "Accuracy is :  0.871794871794872"
[1] "********************************************************************"
[1] "Sat Apr 18 14:52:21 2020"
[1] "Sat Apr 18 14:52:21 2020"
[1] "Confusion matrix is :: "
Confusion Matrix and Statistics

                 Reference
Prediction        Benign MalwareActivity MalwareAttack
  Benign               6               0             1
  MalwareActivity     12             129             6
  MalwareAttack        1               0             0

Overall Statistics
                                          
               Accuracy : 0.871           
                 95% CI : (0.8078, 0.9194)
    No Information Rate : 0.8323          
    P-Value [Acc > NIR] : 0.1162606       
                                          
                  Kappa : 0.3702          
                                          
 Mcnemar's Test P-Value : 0.0004398       

Statistics by Class:

                     Class: Benign Class: MalwareActivity Class: MalwareAttack
Sensitivity                0.31579                 1.0000             0.000000
Specificity                0.99265                 0.3077             0.993243
Pos Pred Value             0.85714                 0.8776             0.000000
Neg Pred Value             0.91216                 1.0000             0.954545
Prevalence                 0.12258                 0.8323             0.045161
Detection Rate             0.03871                 0.8323             0.000000
Detection Prevalence       0.04516                 0.9484             0.006452
Balanced Accuracy          0.65422                 0.6538             0.496622
[1] "Accuracy is :  0.870967741935484"
[1] "********************************************************************"
[1] "Sat Apr 18 14:52:21 2020"
[1] "Sat Apr 18 14:52:21 2020"
[1] "Confusion matrix is :: "
Confusion Matrix and Statistics

                 Reference
Prediction        Benign MalwareActivity MalwareAttack
  Benign              11               0             1
  MalwareActivity      7             130             4
  MalwareAttack        0               0             2

Overall Statistics
                                          
               Accuracy : 0.9226          
                 95% CI : (0.8687, 0.9594)
    No Information Rate : 0.8387          
    P-Value [Acc > NIR] : 0.001622        
                                          
                  Kappa : 0.6597          
                                          
 Mcnemar's Test P-Value : 0.007383        

Statistics by Class:

                     Class: Benign Class: MalwareActivity Class: MalwareAttack
Sensitivity                0.61111                 1.0000              0.28571
Specificity                0.99270                 0.5600              1.00000
Pos Pred Value             0.91667                 0.9220              1.00000
Neg Pred Value             0.95105                 1.0000              0.96732
Prevalence                 0.11613                 0.8387              0.04516
Detection Rate             0.07097                 0.8387              0.01290
Detection Prevalence       0.07742                 0.9097              0.01290
Balanced Accuracy          0.80191                 0.7800              0.64286
[1] "Accuracy is :  0.92258064516129"
[1] "********************************************************************"
[1] "Sat Apr 18 14:52:21 2020"
[1] "Sat Apr 18 14:52:21 2020"
[1] "Confusion matrix is :: "
Confusion Matrix and Statistics

                 Reference
Prediction        Benign MalwareActivity MalwareAttack
  Benign               8               1             2
  MalwareActivity     11             128             4
  MalwareAttack        0               1             1

Overall Statistics
                                          
               Accuracy : 0.8782          
                 95% CI : (0.8164, 0.9251)
    No Information Rate : 0.8333          
    P-Value [Acc > NIR] : 0.07731         
                                          
                  Kappa : 0.4633          
                                          
 Mcnemar's Test P-Value : 0.00694         

Statistics by Class:

                     Class: Benign Class: MalwareActivity Class: MalwareAttack
Sensitivity                0.42105                 0.9846              0.14286
Specificity                0.97810                 0.4231              0.99329
Pos Pred Value             0.72727                 0.8951              0.50000
Neg Pred Value             0.92414                 0.8462              0.96104
Prevalence                 0.12179                 0.8333              0.04487
Detection Rate             0.05128                 0.8205              0.00641
Detection Prevalence       0.07051                 0.9167              0.01282
Balanced Accuracy          0.69958                 0.7038              0.56807
[1] "Accuracy is :  0.878205128205128"
[1] "********************************************************************"
[1] "Sat Apr 18 14:52:21 2020"
[1] "Sat Apr 18 14:52:21 2020"
[1] "Confusion matrix is :: "
Confusion Matrix and Statistics

                 Reference
Prediction        Benign MalwareActivity MalwareAttack
  Benign              11               0             0
  MalwareActivity      7             128             5
  MalwareAttack        0               1             3

Overall Statistics
                                          
               Accuracy : 0.9161          
                 95% CI : (0.8608, 0.9546)
    No Information Rate : 0.8323          
    P-Value [Acc > NIR] : 0.001964        
                                          
                  Kappa : 0.6486          
                                          
 Mcnemar's Test P-Value : NA              

Statistics by Class:

                     Class: Benign Class: MalwareActivity Class: MalwareAttack
Sensitivity                0.61111                 0.9922              0.37500
Specificity                1.00000                 0.5385              0.99320
Pos Pred Value             1.00000                 0.9143              0.75000
Neg Pred Value             0.95139                 0.9333              0.96689
Prevalence                 0.11613                 0.8323              0.05161
Detection Rate             0.07097                 0.8258              0.01935
Detection Prevalence       0.07097                 0.9032              0.02581
Balanced Accuracy          0.80556                 0.7654              0.68410
[1] "Accuracy is :  0.916129032258065"
[1] "********************************************************************"
[1] "Sat Apr 18 14:52:21 2020"
[1] "Sat Apr 18 14:52:21 2020"
[1] "Confusion matrix is :: "
Confusion Matrix and Statistics

                 Reference
Prediction        Benign MalwareActivity MalwareAttack
  Benign               8               1             2
  MalwareActivity      7             126             5
  MalwareAttack        4               2             0

Overall Statistics
                                          
               Accuracy : 0.8645          
                 95% CI : (0.8004, 0.9141)
    No Information Rate : 0.8323          
    P-Value [Acc > NIR] : 0.16690         
                                          
                  Kappa : 0.455           
                                          
 Mcnemar's Test P-Value : 0.09156         

Statistics by Class:

                     Class: Benign Class: MalwareActivity Class: MalwareAttack
Sensitivity                0.42105                 0.9767              0.00000
Specificity                0.97794                 0.5385              0.95946
Pos Pred Value             0.72727                 0.9130              0.00000
Neg Pred Value             0.92361                 0.8235              0.95302
Prevalence                 0.12258                 0.8323              0.04516
Detection Rate             0.05161                 0.8129              0.00000
Detection Prevalence       0.07097                 0.8903              0.03871
Balanced Accuracy          0.69950                 0.7576              0.47973
[1] "Accuracy is :  0.864516129032258"
$`Fold01`
[1] 0.9032258

$Fold02
[1] 0.9044586

$Fold03
[1] 0.9032258

$Fold04
[1] 0.8831169

$Fold05
[1] 0.8717949

$Fold06
[1] 0.8709677

$Fold07
[1] 0.9225806

$Fold08
[1] 0.8782051

$Fold09
[1] 0.916129

$Fold10
[1] 0.8645161

[1] "=============================================================================="
[1] "=============================================================================="
[1] "=============================================================================="
[1] "Training set dimensions"
[1] 1553    5
[1] "Starting training linear SVM model for iteration  1"
[1] "Sat Apr 18 14:52:21 2020"
[1] "Sat Apr 18 14:52:21 2020"
[1] "End training linear SVM model for iteration  1"
[1] "No of support vectors 354 in iteration  1"
[1] "unique-test-set size 1553" "unique-test-set size 5"   
[1] "Confusion matrix for iteration  1"
Confusion Matrix and Statistics

                 Reference
Prediction        Benign MalwareActivity MalwareAttack
  Benign              88               2            14
  MalwareActivity     93            1289            40
  MalwareAttack        4               4            19

Overall Statistics
                                          
               Accuracy : 0.8989          
                 95% CI : (0.8828, 0.9135)
    No Information Rate : 0.8339          
    P-Value [Acc > NIR] : 1.653e-13       
                                          
                  Kappa : 0.556           
                                          
 Mcnemar's Test P-Value : < 2.2e-16       

Statistics by Class:

                     Class: Benign Class: MalwareActivity Class: MalwareAttack
Sensitivity                0.47568                 0.9954              0.26027
Specificity                0.98830                 0.4845              0.99459
Pos Pred Value             0.84615                 0.9065              0.70370
Neg Pred Value             0.93306                 0.9542              0.96461
Prevalence                 0.11912                 0.8339              0.04701
Detection Rate             0.05666                 0.8300              0.01223
Detection Prevalence       0.06697                 0.9156              0.01739
Balanced Accuracy          0.73199                 0.7399              0.62743
[1] "alldata-test-set size 117681" "alldata-test-set size 5"     
[1] "Confusion matrix for iteration  1"
Confusion Matrix and Statistics

                 Reference
Prediction        Benign MalwareActivity MalwareAttack
  Benign             106              52         39617
  MalwareActivity    423           11816         65626
  MalwareAttack        4               5            32

Overall Statistics
                                          
               Accuracy : 0.1016          
                 95% CI : (0.0999, 0.1033)
    No Information Rate : 0.8946          
    P-Value [Acc > NIR] : 1               
                                          
                  Kappa : 0.0354          
                                          
 Mcnemar's Test P-Value : <2e-16          

Statistics by Class:

                     Class: Benign Class: MalwareActivity Class: MalwareAttack
Sensitivity              0.1988743                 0.9952            0.0003040
Specificity              0.6613771                 0.3758            0.9992745
Pos Pred Value           0.0026650                 0.1517            0.7804878
Neg Pred Value           0.9945190                 0.9986            0.1053808
Prevalence               0.0045292                 0.1009            0.8945794
Detection Rate           0.0009007                 0.1004            0.0002719
Detection Prevalence     0.3379900                 0.6617            0.0003484
Balanced Accuracy        0.4301257                 0.6855            0.4997893
[1] "Sat Apr 18 14:52:23 2020"
[1] "********************************************************************"
[1] "********************************************************************"
[1] "Sat Apr 18 14:52:23 2020"
[1] "Iteration  2"
[1] "=============================================================================="
[1] "=============================================================================="
[1] "=============================================================================="
[1] "10-FOLD CROSS VALIDATION RESULT FOR DATASET DIM 1199" "10-FOLD CROSS VALIDATION RESULT FOR DATASET DIM 5"   
[1] "Input Dataset dimensions "
[1] 1199    5
[1] "********************************************************************"
[1] "Sat Apr 18 14:52:23 2020"
[1] "Sat Apr 18 14:52:23 2020"
[1] "Confusion matrix is :: "
Confusion Matrix and Statistics

                 Reference
Prediction        Benign MalwareActivity MalwareAttack
  Benign               4               0             0
  MalwareActivity      0             115             0
  MalwareAttack        0               0             0

Overall Statistics
                                     
               Accuracy : 1          
                 95% CI : (0.9695, 1)
    No Information Rate : 0.9664     
    P-Value [Acc > NIR] : 0.0171     
                                     
                  Kappa : 1          
                                     
 Mcnemar's Test P-Value : NA         

Statistics by Class:

                     Class: Benign Class: MalwareActivity Class: MalwareAttack
Sensitivity                1.00000                 1.0000                   NA
Specificity                1.00000                 1.0000                    1
Pos Pred Value             1.00000                 1.0000                   NA
Neg Pred Value             1.00000                 1.0000                   NA
Prevalence                 0.03361                 0.9664                    0
Detection Rate             0.03361                 0.9664                    0
Detection Prevalence       0.03361                 0.9664                    0
Balanced Accuracy          1.00000                 1.0000                   NA
[1] "Accuracy is :  1"
[1] "********************************************************************"
[1] "Sat Apr 18 14:52:23 2020"
[1] "Sat Apr 18 14:52:23 2020"
[1] "Confusion matrix is :: "
Confusion Matrix and Statistics

                 Reference
Prediction        Benign MalwareActivity MalwareAttack
  Benign               5               0             0
  MalwareActivity      0             115             0
  MalwareAttack        0               0             1

Overall Statistics
                                   
               Accuracy : 1        
                 95% CI : (0.97, 1)
    No Information Rate : 0.9504   
    P-Value [Acc > NIR] : 0.002125 
                                   
                  Kappa : 1        
                                   
 Mcnemar's Test P-Value : NA       

Statistics by Class:

                     Class: Benign Class: MalwareActivity Class: MalwareAttack
Sensitivity                1.00000                 1.0000             1.000000
Specificity                1.00000                 1.0000             1.000000
Pos Pred Value             1.00000                 1.0000             1.000000
Neg Pred Value             1.00000                 1.0000             1.000000
Prevalence                 0.04132                 0.9504             0.008264
Detection Rate             0.04132                 0.9504             0.008264
Detection Prevalence       0.04132                 0.9504             0.008264
Balanced Accuracy          1.00000                 1.0000             1.000000
[1] "Accuracy is :  1"
[1] "********************************************************************"
[1] "Sat Apr 18 14:52:23 2020"
[1] "Sat Apr 18 14:52:23 2020"
[1] "Confusion matrix is :: "
Confusion Matrix and Statistics

                 Reference
Prediction        Benign MalwareActivity MalwareAttack
  Benign               4               0             0
  MalwareActivity      0             116             0
  MalwareAttack        0               0             0

Overall Statistics
                                     
               Accuracy : 1          
                 95% CI : (0.9697, 1)
    No Information Rate : 0.9667     
    P-Value [Acc > NIR] : 0.01711    
                                     
                  Kappa : 1          
                                     
 Mcnemar's Test P-Value : NA         

Statistics by Class:

                     Class: Benign Class: MalwareActivity Class: MalwareAttack
Sensitivity                1.00000                 1.0000                   NA
Specificity                1.00000                 1.0000                    1
Pos Pred Value             1.00000                 1.0000                   NA
Neg Pred Value             1.00000                 1.0000                   NA
Prevalence                 0.03333                 0.9667                    0
Detection Rate             0.03333                 0.9667                    0
Detection Prevalence       0.03333                 0.9667                    0
Balanced Accuracy          1.00000                 1.0000                   NA
[1] "Accuracy is :  1"
[1] "********************************************************************"
[1] "Sat Apr 18 14:52:23 2020"
[1] "Sat Apr 18 14:52:23 2020"
[1] "Confusion matrix is :: "
Confusion Matrix and Statistics

                 Reference
Prediction        Benign MalwareActivity MalwareAttack
  Benign               5               0             0
  MalwareActivity      0             115             0
  MalwareAttack        0               0             0

Overall Statistics
                                     
               Accuracy : 1          
                 95% CI : (0.9697, 1)
    No Information Rate : 0.9583     
    P-Value [Acc > NIR] : 0.006053   
                                     
                  Kappa : 1          
                                     
 Mcnemar's Test P-Value : NA         

Statistics by Class:

                     Class: Benign Class: MalwareActivity Class: MalwareAttack
Sensitivity                1.00000                 1.0000                   NA
Specificity                1.00000                 1.0000                    1
Pos Pred Value             1.00000                 1.0000                   NA
Neg Pred Value             1.00000                 1.0000                   NA
Prevalence                 0.04167                 0.9583                    0
Detection Rate             0.04167                 0.9583                    0
Detection Prevalence       0.04167                 0.9583                    0
Balanced Accuracy          1.00000                 1.0000                   NA
[1] "Accuracy is :  1"
[1] "********************************************************************"
[1] "Sat Apr 18 14:52:23 2020"
[1] "Sat Apr 18 14:52:23 2020"
[1] "Confusion matrix is :: "
Confusion Matrix and Statistics

                 Reference
Prediction        Benign MalwareActivity MalwareAttack
  Benign               4               0             0
  MalwareActivity      0             116             0
  MalwareAttack        0               0             0

Overall Statistics
                                     
               Accuracy : 1          
                 95% CI : (0.9697, 1)
    No Information Rate : 0.9667     
    P-Value [Acc > NIR] : 0.01711    
                                     
                  Kappa : 1          
                                     
 Mcnemar's Test P-Value : NA         

Statistics by Class:

                     Class: Benign Class: MalwareActivity Class: MalwareAttack
Sensitivity                1.00000                 1.0000                   NA
Specificity                1.00000                 1.0000                    1
Pos Pred Value             1.00000                 1.0000                   NA
Neg Pred Value             1.00000                 1.0000                   NA
Prevalence                 0.03333                 0.9667                    0
Detection Rate             0.03333                 0.9667                    0
Detection Prevalence       0.03333                 0.9667                    0
Balanced Accuracy          1.00000                 1.0000                   NA
[1] "Accuracy is :  1"
[1] "********************************************************************"
[1] "Sat Apr 18 14:52:23 2020"
[1] "Sat Apr 18 14:52:23 2020"
[1] "Confusion matrix is :: "
Confusion Matrix and Statistics

                 Reference
Prediction        Benign MalwareActivity MalwareAttack
  Benign               4               0             0
  MalwareActivity      0             115             0
  MalwareAttack        0               0             1

Overall Statistics
                                     
               Accuracy : 1          
                 95% CI : (0.9697, 1)
    No Information Rate : 0.9583     
    P-Value [Acc > NIR] : 0.006053   
                                     
                  Kappa : 1          
                                     
 Mcnemar's Test P-Value : NA         

Statistics by Class:

                     Class: Benign Class: MalwareActivity Class: MalwareAttack
Sensitivity                1.00000                 1.0000             1.000000
Specificity                1.00000                 1.0000             1.000000
Pos Pred Value             1.00000                 1.0000             1.000000
Neg Pred Value             1.00000                 1.0000             1.000000
Prevalence                 0.03333                 0.9583             0.008333
Detection Rate             0.03333                 0.9583             0.008333
Detection Prevalence       0.03333                 0.9583             0.008333
Balanced Accuracy          1.00000                 1.0000             1.000000
[1] "Accuracy is :  1"
[1] "********************************************************************"
[1] "Sat Apr 18 14:52:23 2020"
[1] "Sat Apr 18 14:52:23 2020"
[1] "Confusion matrix is :: "
Confusion Matrix and Statistics

                 Reference
Prediction        Benign MalwareActivity MalwareAttack
  Benign               4               0             0
  MalwareActivity      0             116             0
  MalwareAttack        0               0             0

Overall Statistics
                                     
               Accuracy : 1          
                 95% CI : (0.9697, 1)
    No Information Rate : 0.9667     
    P-Value [Acc > NIR] : 0.01711    
                                     
                  Kappa : 1          
                                     
 Mcnemar's Test P-Value : NA         

Statistics by Class:

                     Class: Benign Class: MalwareActivity Class: MalwareAttack
Sensitivity                1.00000                 1.0000                   NA
Specificity                1.00000                 1.0000                    1
Pos Pred Value             1.00000                 1.0000                   NA
Neg Pred Value             1.00000                 1.0000                   NA
Prevalence                 0.03333                 0.9667                    0
Detection Rate             0.03333                 0.9667                    0
Detection Prevalence       0.03333                 0.9667                    0
Balanced Accuracy          1.00000                 1.0000                   NA
[1] "Accuracy is :  1"
[1] "********************************************************************"
[1] "Sat Apr 18 14:52:23 2020"
[1] "Sat Apr 18 14:52:23 2020"
[1] "Confusion matrix is :: "
Confusion Matrix and Statistics

                 Reference
Prediction        Benign MalwareActivity MalwareAttack
  Benign               5               0             0
  MalwareActivity      0             116             0
  MalwareAttack        0               0             0

Overall Statistics
                                   
               Accuracy : 1        
                 95% CI : (0.97, 1)
    No Information Rate : 0.9587   
    P-Value [Acc > NIR] : 0.006059 
                                   
                  Kappa : 1        
                                   
 Mcnemar's Test P-Value : NA       

Statistics by Class:

                     Class: Benign Class: MalwareActivity Class: MalwareAttack
Sensitivity                1.00000                 1.0000                   NA
Specificity                1.00000                 1.0000                    1
Pos Pred Value             1.00000                 1.0000                   NA
Neg Pred Value             1.00000                 1.0000                   NA
Prevalence                 0.04132                 0.9587                    0
Detection Rate             0.04132                 0.9587                    0
Detection Prevalence       0.04132                 0.9587                    0
Balanced Accuracy          1.00000                 1.0000                   NA
[1] "Accuracy is :  1"
[1] "********************************************************************"
[1] "Sat Apr 18 14:52:23 2020"
[1] "Sat Apr 18 14:52:23 2020"
[1] "Confusion matrix is :: "
Confusion Matrix and Statistics

                 Reference
Prediction        Benign MalwareActivity MalwareAttack
  Benign               4               0             0
  MalwareActivity      0             115             0
  MalwareAttack        0               0             0

Overall Statistics
                                     
               Accuracy : 1          
                 95% CI : (0.9695, 1)
    No Information Rate : 0.9664     
    P-Value [Acc > NIR] : 0.0171     
                                     
                  Kappa : 1          
                                     
 Mcnemar's Test P-Value : NA         

Statistics by Class:

                     Class: Benign Class: MalwareActivity Class: MalwareAttack
Sensitivity                1.00000                 1.0000                   NA
Specificity                1.00000                 1.0000                    1
Pos Pred Value             1.00000                 1.0000                   NA
Neg Pred Value             1.00000                 1.0000                   NA
Prevalence                 0.03361                 0.9664                    0
Detection Rate             0.03361                 0.9664                    0
Detection Prevalence       0.03361                 0.9664                    0
Balanced Accuracy          1.00000                 1.0000                   NA
[1] "Accuracy is :  1"
[1] "********************************************************************"
[1] "Sat Apr 18 14:52:23 2020"
[1] "Sat Apr 18 14:52:23 2020"
[1] "Confusion matrix is :: "
Confusion Matrix and Statistics

                 Reference
Prediction        Benign MalwareActivity MalwareAttack
  Benign               4               0             0
  MalwareActivity      0             115             0
  MalwareAttack        0               0             0

Overall Statistics
                                     
               Accuracy : 1          
                 95% CI : (0.9695, 1)
    No Information Rate : 0.9664     
    P-Value [Acc > NIR] : 0.0171     
                                     
                  Kappa : 1          
                                     
 Mcnemar's Test P-Value : NA         

Statistics by Class:

                     Class: Benign Class: MalwareActivity Class: MalwareAttack
Sensitivity                1.00000                 1.0000                   NA
Specificity                1.00000                 1.0000                    1
Pos Pred Value             1.00000                 1.0000                   NA
Neg Pred Value             1.00000                 1.0000                   NA
Prevalence                 0.03361                 0.9664                    0
Detection Rate             0.03361                 0.9664                    0
Detection Prevalence       0.03361                 0.9664                    0
Balanced Accuracy          1.00000                 1.0000                   NA
[1] "Accuracy is :  1"
$`Fold01`
[1] 1

$Fold02
[1] 1

$Fold03
[1] 1

$Fold04
[1] 1

$Fold05
[1] 1

$Fold06
[1] 1

$Fold07
[1] 1

$Fold08
[1] 1

$Fold09
[1] 1

$Fold10
[1] 1

[1] "=============================================================================="
[1] "=============================================================================="
[1] "=============================================================================="
[1] "Training set dimensions"
[1] 1199    5
[1] "Starting training linear SVM model for iteration  2"
[1] "Sat Apr 18 14:52:23 2020"
[1] "Sat Apr 18 14:52:23 2020"
[1] "End training linear SVM model for iteration  2"
[1] "No of support vectors 9 in iteration  2"
[1] "unique-test-set size 1553" "unique-test-set size 5"   
[1] "Confusion matrix for iteration  2"
Confusion Matrix and Statistics

                 Reference
Prediction        Benign MalwareActivity MalwareAttack
  Benign              84               2            25
  MalwareActivity     95            1289            40
  MalwareAttack        6               4             8

Overall Statistics
                                          
               Accuracy : 0.8892          
                 95% CI : (0.8726, 0.9044)
    No Information Rate : 0.8339          
    P-Value [Acc > NIR] : 4.482e-10       
                                          
                  Kappa : 0.5107          
                                          
 Mcnemar's Test P-Value : < 2.2e-16       

Statistics by Class:

                     Class: Benign Class: MalwareActivity Class: MalwareAttack
Sensitivity                0.45405                 0.9954             0.109589
Specificity                0.98026                 0.4767             0.993243
Pos Pred Value             0.75676                 0.9052             0.444444
Neg Pred Value             0.92996                 0.9535             0.957655
Prevalence                 0.11912                 0.8339             0.047006
Detection Rate             0.05409                 0.8300             0.005151
Detection Prevalence       0.07147                 0.9169             0.011590
Balanced Accuracy          0.71716                 0.7361             0.551416
[1] "alldata-test-set size 117681" "alldata-test-set size 5"     
[1] "Confusion matrix for iteration  2"
Confusion Matrix and Statistics

                 Reference
Prediction        Benign MalwareActivity MalwareAttack
  Benign             102              52            44
  MalwareActivity    425           11816         65626
  MalwareAttack        6               5         39605

Overall Statistics
                                         
               Accuracy : 0.4378         
                 95% CI : (0.435, 0.4407)
    No Information Rate : 0.8946         
    P-Value [Acc > NIR] : 1              
                                         
                  Kappa : 0.1106         
                                         
 Mcnemar's Test P-Value : <2e-16         

Statistics by Class:

                     Class: Benign Class: MalwareActivity Class: MalwareAttack
Sensitivity              0.1913696                 0.9952               0.3762
Specificity              0.9991805                 0.3757               0.9991
Pos Pred Value           0.5151515                 0.1517               0.9997
Neg Pred Value           0.9963314                 0.9986               0.1588
Prevalence               0.0045292                 0.1009               0.8946
Detection Rate           0.0008667                 0.1004               0.3365
Detection Prevalence     0.0016825                 0.6617               0.3366
Balanced Accuracy        0.5952751                 0.6855               0.6877
[1] "Sat Apr 18 14:52:24 2020"
[1] "********************************************************************"
[1] "********************************************************************"
[1] "Sat Apr 18 14:52:24 2020"
[1] "Iteration  3"
[1] "=============================================================================="
[1] "=============================================================================="
[1] "=============================================================================="
[1] "10-FOLD CROSS VALIDATION RESULT FOR DATASET DIM 1190" "10-FOLD CROSS VALIDATION RESULT FOR DATASET DIM 5"   
[1] "Input Dataset dimensions "
[1] 1190    5
[1] "********************************************************************"
[1] "Sat Apr 18 14:52:24 2020"
[1] "Sat Apr 18 14:52:24 2020"
[1] "Confusion matrix is :: "
Confusion Matrix and Statistics

                 Reference
Prediction        Benign MalwareActivity MalwareAttack
  Benign               4               0             0
  MalwareActivity      0             115             0
  MalwareAttack        0               0             0

Overall Statistics
                                     
               Accuracy : 1          
                 95% CI : (0.9695, 1)
    No Information Rate : 0.9664     
    P-Value [Acc > NIR] : 0.0171     
                                     
                  Kappa : 1          
                                     
 Mcnemar's Test P-Value : NA         

Statistics by Class:

                     Class: Benign Class: MalwareActivity Class: MalwareAttack
Sensitivity                1.00000                 1.0000                   NA
Specificity                1.00000                 1.0000                    1
Pos Pred Value             1.00000                 1.0000                   NA
Neg Pred Value             1.00000                 1.0000                   NA
Prevalence                 0.03361                 0.9664                    0
Detection Rate             0.03361                 0.9664                    0
Detection Prevalence       0.03361                 0.9664                    0
Balanced Accuracy          1.00000                 1.0000                   NA
[1] "Accuracy is :  1"
[1] "********************************************************************"
[1] "Sat Apr 18 14:52:24 2020"
[1] "Sat Apr 18 14:52:24 2020"
[1] "Confusion matrix is :: "
Confusion Matrix and Statistics

                 Reference
Prediction        Benign MalwareActivity MalwareAttack
  Benign               4               0             0
  MalwareActivity      0             115             0
  MalwareAttack        0               0             0

Overall Statistics
                                     
               Accuracy : 1          
                 95% CI : (0.9695, 1)
    No Information Rate : 0.9664     
    P-Value [Acc > NIR] : 0.0171     
                                     
                  Kappa : 1          
                                     
 Mcnemar's Test P-Value : NA         

Statistics by Class:

                     Class: Benign Class: MalwareActivity Class: MalwareAttack
Sensitivity                1.00000                 1.0000                   NA
Specificity                1.00000                 1.0000                    1
Pos Pred Value             1.00000                 1.0000                   NA
Neg Pred Value             1.00000                 1.0000                   NA
Prevalence                 0.03361                 0.9664                    0
Detection Rate             0.03361                 0.9664                    0
Detection Prevalence       0.03361                 0.9664                    0
Balanced Accuracy          1.00000                 1.0000                   NA
[1] "Accuracy is :  1"
[1] "********************************************************************"
[1] "Sat Apr 18 14:52:24 2020"
[1] "Sat Apr 18 14:52:24 2020"
[1] "Confusion matrix is :: "
Confusion Matrix and Statistics

                 Reference
Prediction        Benign MalwareActivity MalwareAttack
  Benign               4               0             1
  MalwareActivity      0             115             0
  MalwareAttack        0               0             0

Overall Statistics
                                          
               Accuracy : 0.9917          
                 95% CI : (0.9544, 0.9998)
    No Information Rate : 0.9583          
    P-Value [Acc > NIR] : 0.03764         
                                          
                  Kappa : 0.8961          
                                          
 Mcnemar's Test P-Value : NA              

Statistics by Class:

                     Class: Benign Class: MalwareActivity Class: MalwareAttack
Sensitivity                1.00000                 1.0000             0.000000
Specificity                0.99138                 1.0000             1.000000
Pos Pred Value             0.80000                 1.0000                  NaN
Neg Pred Value             1.00000                 1.0000             0.991667
Prevalence                 0.03333                 0.9583             0.008333
Detection Rate             0.03333                 0.9583             0.000000
Detection Prevalence       0.04167                 0.9583             0.000000
Balanced Accuracy          0.99569                 1.0000             0.500000
[1] "Accuracy is :  0.991666666666667"
[1] "********************************************************************"
[1] "Sat Apr 18 14:52:24 2020"
[1] "Sat Apr 18 14:52:24 2020"
[1] "Confusion matrix is :: "
Confusion Matrix and Statistics

                 Reference
Prediction        Benign MalwareActivity MalwareAttack
  Benign               4               0             0
  MalwareActivity      0             115             0
  MalwareAttack        0               0             0

Overall Statistics
                                     
               Accuracy : 1          
                 95% CI : (0.9695, 1)
    No Information Rate : 0.9664     
    P-Value [Acc > NIR] : 0.0171     
                                     
                  Kappa : 1          
                                     
 Mcnemar's Test P-Value : NA         

Statistics by Class:

                     Class: Benign Class: MalwareActivity Class: MalwareAttack
Sensitivity                1.00000                 1.0000                   NA
Specificity                1.00000                 1.0000                    1
Pos Pred Value             1.00000                 1.0000                   NA
Neg Pred Value             1.00000                 1.0000                   NA
Prevalence                 0.03361                 0.9664                    0
Detection Rate             0.03361                 0.9664                    0
Detection Prevalence       0.03361                 0.9664                    0
Balanced Accuracy          1.00000                 1.0000                   NA
[1] "Accuracy is :  1"
[1] "********************************************************************"
[1] "Sat Apr 18 14:52:24 2020"
[1] "Sat Apr 18 14:52:24 2020"
[1] "Confusion matrix is :: "
Confusion Matrix and Statistics

                 Reference
Prediction        Benign MalwareActivity MalwareAttack
  Benign               4               0             0
  MalwareActivity      0             115             0
  MalwareAttack        0               0             0

Overall Statistics
                                     
               Accuracy : 1          
                 95% CI : (0.9695, 1)
    No Information Rate : 0.9664     
    P-Value [Acc > NIR] : 0.0171     
                                     
                  Kappa : 1          
                                     
 Mcnemar's Test P-Value : NA         

Statistics by Class:

                     Class: Benign Class: MalwareActivity Class: MalwareAttack
Sensitivity                1.00000                 1.0000                   NA
Specificity                1.00000                 1.0000                    1
Pos Pred Value             1.00000                 1.0000                   NA
Neg Pred Value             1.00000                 1.0000                   NA
Prevalence                 0.03361                 0.9664                    0
Detection Rate             0.03361                 0.9664                    0
Detection Prevalence       0.03361                 0.9664                    0
Balanced Accuracy          1.00000                 1.0000                   NA
[1] "Accuracy is :  1"
[1] "********************************************************************"
[1] "Sat Apr 18 14:52:24 2020"
[1] "Sat Apr 18 14:52:24 2020"
[1] "Confusion matrix is :: "
Confusion Matrix and Statistics

                 Reference
Prediction        Benign MalwareActivity MalwareAttack
  Benign               4               0             0
  MalwareActivity      0             114             0
  MalwareAttack        0               0             0

Overall Statistics
                                     
               Accuracy : 1          
                 95% CI : (0.9692, 1)
    No Information Rate : 0.9661     
    P-Value [Acc > NIR] : 0.01709    
                                     
                  Kappa : 1          
                                     
 Mcnemar's Test P-Value : NA         

Statistics by Class:

                     Class: Benign Class: MalwareActivity Class: MalwareAttack
Sensitivity                 1.0000                 1.0000                   NA
Specificity                 1.0000                 1.0000                    1
Pos Pred Value              1.0000                 1.0000                   NA
Neg Pred Value              1.0000                 1.0000                   NA
Prevalence                  0.0339                 0.9661                    0
Detection Rate              0.0339                 0.9661                    0
Detection Prevalence        0.0339                 0.9661                    0
Balanced Accuracy           1.0000                 1.0000                   NA
[1] "Accuracy is :  1"
[1] "********************************************************************"
[1] "Sat Apr 18 14:52:24 2020"
[1] "Sat Apr 18 14:52:24 2020"
[1] "Confusion matrix is :: "
Confusion Matrix and Statistics

                 Reference
Prediction        Benign MalwareActivity MalwareAttack
  Benign               4               0             0
  MalwareActivity      0             115             0
  MalwareAttack        0               0             0

Overall Statistics
                                     
               Accuracy : 1          
                 95% CI : (0.9695, 1)
    No Information Rate : 0.9664     
    P-Value [Acc > NIR] : 0.0171     
                                     
                  Kappa : 1          
                                     
 Mcnemar's Test P-Value : NA         

Statistics by Class:

                     Class: Benign Class: MalwareActivity Class: MalwareAttack
Sensitivity                1.00000                 1.0000                   NA
Specificity                1.00000                 1.0000                    1
Pos Pred Value             1.00000                 1.0000                   NA
Neg Pred Value             1.00000                 1.0000                   NA
Prevalence                 0.03361                 0.9664                    0
Detection Rate             0.03361                 0.9664                    0
Detection Prevalence       0.03361                 0.9664                    0
Balanced Accuracy          1.00000                 1.0000                   NA
[1] "Accuracy is :  1"
[1] "********************************************************************"
[1] "Sat Apr 18 14:52:24 2020"
[1] "Sat Apr 18 14:52:24 2020"
[1] "Confusion matrix is :: "
Confusion Matrix and Statistics

                 Reference
Prediction        Benign MalwareActivity MalwareAttack
  Benign               4               0             0
  MalwareActivity      0             115             0
  MalwareAttack        0               0             0

Overall Statistics
                                     
               Accuracy : 1          
                 95% CI : (0.9695, 1)
    No Information Rate : 0.9664     
    P-Value [Acc > NIR] : 0.0171     
                                     
                  Kappa : 1          
                                     
 Mcnemar's Test P-Value : NA         

Statistics by Class:

                     Class: Benign Class: MalwareActivity Class: MalwareAttack
Sensitivity                1.00000                 1.0000                   NA
Specificity                1.00000                 1.0000                    1
Pos Pred Value             1.00000                 1.0000                   NA
Neg Pred Value             1.00000                 1.0000                   NA
Prevalence                 0.03361                 0.9664                    0
Detection Rate             0.03361                 0.9664                    0
Detection Prevalence       0.03361                 0.9664                    0
Balanced Accuracy          1.00000                 1.0000                   NA
[1] "Accuracy is :  1"
[1] "********************************************************************"
[1] "Sat Apr 18 14:52:24 2020"
[1] "Sat Apr 18 14:52:24 2020"
[1] "Confusion matrix is :: "
Confusion Matrix and Statistics

                 Reference
Prediction        Benign MalwareActivity MalwareAttack
  Benign               4               0             0
  MalwareActivity      0             115             0
  MalwareAttack        0               0             0

Overall Statistics
                                     
               Accuracy : 1          
                 95% CI : (0.9695, 1)
    No Information Rate : 0.9664     
    P-Value [Acc > NIR] : 0.0171     
                                     
                  Kappa : 1          
                                     
 Mcnemar's Test P-Value : NA         

Statistics by Class:

                     Class: Benign Class: MalwareActivity Class: MalwareAttack
Sensitivity                1.00000                 1.0000                   NA
Specificity                1.00000                 1.0000                    1
Pos Pred Value             1.00000                 1.0000                   NA
Neg Pred Value             1.00000                 1.0000                   NA
Prevalence                 0.03361                 0.9664                    0
Detection Rate             0.03361                 0.9664                    0
Detection Prevalence       0.03361                 0.9664                    0
Balanced Accuracy          1.00000                 1.0000                   NA
[1] "Accuracy is :  1"
[1] "********************************************************************"
[1] "Sat Apr 18 14:52:24 2020"
[1] "Sat Apr 18 14:52:24 2020"
[1] "Confusion matrix is :: "
Confusion Matrix and Statistics

                 Reference
Prediction        Benign MalwareActivity MalwareAttack
  Benign               4               0             0
  MalwareActivity      0             115             0
  MalwareAttack        0               0             0

Overall Statistics
                                     
               Accuracy : 1          
                 95% CI : (0.9695, 1)
    No Information Rate : 0.9664     
    P-Value [Acc > NIR] : 0.0171     
                                     
                  Kappa : 1          
                                     
 Mcnemar's Test P-Value : NA         

Statistics by Class:

                     Class: Benign Class: MalwareActivity Class: MalwareAttack
Sensitivity                1.00000                 1.0000                   NA
Specificity                1.00000                 1.0000                    1
Pos Pred Value             1.00000                 1.0000                   NA
Neg Pred Value             1.00000                 1.0000                   NA
Prevalence                 0.03361                 0.9664                    0
Detection Rate             0.03361                 0.9664                    0
Detection Prevalence       0.03361                 0.9664                    0
Balanced Accuracy          1.00000                 1.0000                   NA
[1] "Accuracy is :  1"
$`Fold01`
[1] 1

$Fold02
[1] 1

$Fold03
[1] 0.9916667

$Fold04
[1] 1

$Fold05
[1] 1

$Fold06
[1] 1

$Fold07
[1] 1

$Fold08
[1] 1

$Fold09
[1] 1

$Fold10
[1] 1

[1] "=============================================================================="
[1] "=============================================================================="
[1] "=============================================================================="
[1] "Training set dimensions"
[1] 1190    5
[1] "Starting training linear SVM model for iteration  3"
[1] "Sat Apr 18 14:52:24 2020"
[1] "Sat Apr 18 14:52:24 2020"
[1] "End training linear SVM model for iteration  3"
[1] "No of support vectors 9 in iteration  3"
[1] "unique-test-set size 1553" "unique-test-set size 5"   
[1] "Confusion matrix for iteration  3"
Confusion Matrix and Statistics

                 Reference
Prediction        Benign MalwareActivity MalwareAttack
  Benign              84               4            25
  MalwareActivity     98            1289            40
  MalwareAttack        3               2             8

Overall Statistics
                                          
               Accuracy : 0.8892          
                 95% CI : (0.8726, 0.9044)
    No Information Rate : 0.8339          
    P-Value [Acc > NIR] : 4.482e-10       
                                          
                  Kappa : 0.5072          
                                          
 Mcnemar's Test P-Value : < 2.2e-16       

Statistics by Class:

                     Class: Benign Class: MalwareActivity Class: MalwareAttack
Sensitivity                0.45405                 0.9954             0.109589
Specificity                0.97880                 0.4651             0.996622
Pos Pred Value             0.74336                 0.9033             0.615385
Neg Pred Value             0.92986                 0.9524             0.957792
Prevalence                 0.11912                 0.8339             0.047006
Detection Rate             0.05409                 0.8300             0.005151
Detection Prevalence       0.07276                 0.9189             0.008371
Balanced Accuracy          0.71643                 0.7302             0.553105
[1] "alldata-test-set size 117681" "alldata-test-set size 5"     
[1] "Confusion matrix for iteration  3"
Confusion Matrix and Statistics

                 Reference
Prediction        Benign MalwareActivity MalwareAttack
  Benign             102              54            44
  MalwareActivity    428           11816         65626
  MalwareAttack        3               3         39605

Overall Statistics
                                         
               Accuracy : 0.4378         
                 95% CI : (0.435, 0.4407)
    No Information Rate : 0.8946         
    P-Value [Acc > NIR] : 1              
                                         
                  Kappa : 0.1106         
                                         
 Mcnemar's Test P-Value : <2e-16         

Statistics by Class:

                     Class: Benign Class: MalwareActivity Class: MalwareAttack
Sensitivity              0.1913696                 0.9952               0.3762
Specificity              0.9991635                 0.3757               0.9995
Pos Pred Value           0.5100000                 0.1517               0.9998
Neg Pred Value           0.9963313                 0.9986               0.1588
Prevalence               0.0045292                 0.1009               0.8946
Detection Rate           0.0008667                 0.1004               0.3365
Detection Prevalence     0.0016995                 0.6617               0.3366
Balanced Accuracy        0.5952665                 0.6855               0.6879
[1] "Sat Apr 18 14:52:25 2020"
[1] "********************************************************************"
[1] "********************************************************************"
[1] "Sat Apr 18 14:52:25 2020"
[1] "Iteration  4"
[1] "=============================================================================="
[1] "=============================================================================="
[1] "=============================================================================="
[1] "10-FOLD CROSS VALIDATION RESULT FOR DATASET DIM 1181" "10-FOLD CROSS VALIDATION RESULT FOR DATASET DIM 5"   
[1] "Input Dataset dimensions "
[1] 1181    5
[1] "********************************************************************"
[1] "Sat Apr 18 14:52:25 2020"
[1] "Sat Apr 18 14:52:25 2020"
[1] "Confusion matrix is :: "
Confusion Matrix and Statistics

                 Reference
Prediction        Benign MalwareActivity MalwareAttack
  Benign               4               0             0
  MalwareActivity      0             114             0
  MalwareAttack        0               0             0

Overall Statistics
                                     
               Accuracy : 1          
                 95% CI : (0.9692, 1)
    No Information Rate : 0.9661     
    P-Value [Acc > NIR] : 0.01709    
                                     
                  Kappa : 1          
                                     
 Mcnemar's Test P-Value : NA         

Statistics by Class:

                     Class: Benign Class: MalwareActivity Class: MalwareAttack
Sensitivity                 1.0000                 1.0000                   NA
Specificity                 1.0000                 1.0000                    1
Pos Pred Value              1.0000                 1.0000                   NA
Neg Pred Value              1.0000                 1.0000                   NA
Prevalence                  0.0339                 0.9661                    0
Detection Rate              0.0339                 0.9661                    0
Detection Prevalence        0.0339                 0.9661                    0
Balanced Accuracy           1.0000                 1.0000                   NA
[1] "Accuracy is :  1"
[1] "********************************************************************"
[1] "Sat Apr 18 14:52:25 2020"
[1] "Sat Apr 18 14:52:25 2020"
[1] "Confusion matrix is :: "
Confusion Matrix and Statistics

                 Reference
Prediction        Benign MalwareActivity MalwareAttack
  Benign               3               0             0
  MalwareActivity      0             115             0
  MalwareAttack        0               0             0

Overall Statistics
                                     
               Accuracy : 1          
                 95% CI : (0.9692, 1)
    No Information Rate : 0.9746     
    P-Value [Acc > NIR] : 0.04789    
                                     
                  Kappa : 1          
                                     
 Mcnemar's Test P-Value : NA         

Statistics by Class:

                     Class: Benign Class: MalwareActivity Class: MalwareAttack
Sensitivity                1.00000                 1.0000                   NA
Specificity                1.00000                 1.0000                    1
Pos Pred Value             1.00000                 1.0000                   NA
Neg Pred Value             1.00000                 1.0000                   NA
Prevalence                 0.02542                 0.9746                    0
Detection Rate             0.02542                 0.9746                    0
Detection Prevalence       0.02542                 0.9746                    0
Balanced Accuracy          1.00000                 1.0000                   NA
[1] "Accuracy is :  1"
[1] "********************************************************************"
[1] "Sat Apr 18 14:52:25 2020"
[1] "Sat Apr 18 14:52:25 2020"
[1] "Confusion matrix is :: "
Confusion Matrix and Statistics

                 Reference
Prediction        Benign MalwareActivity MalwareAttack
  Benign               4               0             0
  MalwareActivity      0             115             0
  MalwareAttack        0               0             0

Overall Statistics
                                     
               Accuracy : 1          
                 95% CI : (0.9695, 1)
    No Information Rate : 0.9664     
    P-Value [Acc > NIR] : 0.0171     
                                     
                  Kappa : 1          
                                     
 Mcnemar's Test P-Value : NA         

Statistics by Class:

                     Class: Benign Class: MalwareActivity Class: MalwareAttack
Sensitivity                1.00000                 1.0000                   NA
Specificity                1.00000                 1.0000                    1
Pos Pred Value             1.00000                 1.0000                   NA
Neg Pred Value             1.00000                 1.0000                   NA
Prevalence                 0.03361                 0.9664                    0
Detection Rate             0.03361                 0.9664                    0
Detection Prevalence       0.03361                 0.9664                    0
Balanced Accuracy          1.00000                 1.0000                   NA
[1] "Accuracy is :  1"
[1] "********************************************************************"
[1] "Sat Apr 18 14:52:25 2020"
[1] "Sat Apr 18 14:52:25 2020"
[1] "Confusion matrix is :: "
Confusion Matrix and Statistics

                 Reference
Prediction        Benign MalwareActivity MalwareAttack
  Benign               3               0             0
  MalwareActivity      0             114             0
  MalwareAttack        0               0             0

Overall Statistics
                                    
               Accuracy : 1         
                 95% CI : (0.969, 1)
    No Information Rate : 0.9744    
    P-Value [Acc > NIR] : 0.04788   
                                    
                  Kappa : 1         
                                    
 Mcnemar's Test P-Value : NA        

Statistics by Class:

                     Class: Benign Class: MalwareActivity Class: MalwareAttack
Sensitivity                1.00000                 1.0000                   NA
Specificity                1.00000                 1.0000                    1
Pos Pred Value             1.00000                 1.0000                   NA
Neg Pred Value             1.00000                 1.0000                   NA
Prevalence                 0.02564                 0.9744                    0
Detection Rate             0.02564                 0.9744                    0
Detection Prevalence       0.02564                 0.9744                    0
Balanced Accuracy          1.00000                 1.0000                   NA
[1] "Accuracy is :  1"
[1] "********************************************************************"
[1] "Sat Apr 18 14:52:25 2020"
[1] "Sat Apr 18 14:52:25 2020"
[1] "Confusion matrix is :: "
Confusion Matrix and Statistics

                 Reference
Prediction        Benign MalwareActivity MalwareAttack
  Benign               4               0             0
  MalwareActivity      0             114             0
  MalwareAttack        0               0             0

Overall Statistics
                                     
               Accuracy : 1          
                 95% CI : (0.9692, 1)
    No Information Rate : 0.9661     
    P-Value [Acc > NIR] : 0.01709    
                                     
                  Kappa : 1          
                                     
 Mcnemar's Test P-Value : NA         

Statistics by Class:

                     Class: Benign Class: MalwareActivity Class: MalwareAttack
Sensitivity                 1.0000                 1.0000                   NA
Specificity                 1.0000                 1.0000                    1
Pos Pred Value              1.0000                 1.0000                   NA
Neg Pred Value              1.0000                 1.0000                   NA
Prevalence                  0.0339                 0.9661                    0
Detection Rate              0.0339                 0.9661                    0
Detection Prevalence        0.0339                 0.9661                    0
Balanced Accuracy           1.0000                 1.0000                   NA
[1] "Accuracy is :  1"
[1] "********************************************************************"
[1] "Sat Apr 18 14:52:25 2020"
[1] "Sat Apr 18 14:52:25 2020"
[1] "Confusion matrix is :: "
Confusion Matrix and Statistics

                 Reference
Prediction        Benign MalwareActivity MalwareAttack
  Benign               4               0             0
  MalwareActivity      0             115             0
  MalwareAttack        0               0             0

Overall Statistics
                                     
               Accuracy : 1          
                 95% CI : (0.9695, 1)
    No Information Rate : 0.9664     
    P-Value [Acc > NIR] : 0.0171     
                                     
                  Kappa : 1          
                                     
 Mcnemar's Test P-Value : NA         

Statistics by Class:

                     Class: Benign Class: MalwareActivity Class: MalwareAttack
Sensitivity                1.00000                 1.0000                   NA
Specificity                1.00000                 1.0000                    1
Pos Pred Value             1.00000                 1.0000                   NA
Neg Pred Value             1.00000                 1.0000                   NA
Prevalence                 0.03361                 0.9664                    0
Detection Rate             0.03361                 0.9664                    0
Detection Prevalence       0.03361                 0.9664                    0
Balanced Accuracy          1.00000                 1.0000                   NA
[1] "Accuracy is :  1"
[1] "********************************************************************"
[1] "Sat Apr 18 14:52:25 2020"
[1] "Sat Apr 18 14:52:25 2020"
[1] "Confusion matrix is :: "
Confusion Matrix and Statistics

                 Reference
Prediction        Benign MalwareActivity MalwareAttack
  Benign               4               0             0
  MalwareActivity      0             114             0
  MalwareAttack        0               0             0

Overall Statistics
                                     
               Accuracy : 1          
                 95% CI : (0.9692, 1)
    No Information Rate : 0.9661     
    P-Value [Acc > NIR] : 0.01709    
                                     
                  Kappa : 1          
                                     
 Mcnemar's Test P-Value : NA         

Statistics by Class:

                     Class: Benign Class: MalwareActivity Class: MalwareAttack
Sensitivity                 1.0000                 1.0000                   NA
Specificity                 1.0000                 1.0000                    1
Pos Pred Value              1.0000                 1.0000                   NA
Neg Pred Value              1.0000                 1.0000                   NA
Prevalence                  0.0339                 0.9661                    0
Detection Rate              0.0339                 0.9661                    0
Detection Prevalence        0.0339                 0.9661                    0
Balanced Accuracy           1.0000                 1.0000                   NA
[1] "Accuracy is :  1"
[1] "********************************************************************"
[1] "Sat Apr 18 14:52:25 2020"
[1] "Sat Apr 18 14:52:25 2020"
[1] "Confusion matrix is :: "
Confusion Matrix and Statistics

                 Reference
Prediction        Benign MalwareActivity MalwareAttack
  Benign               3               0             0
  MalwareActivity      0             114             0
  MalwareAttack        0               0             0

Overall Statistics
                                    
               Accuracy : 1         
                 95% CI : (0.969, 1)
    No Information Rate : 0.9744    
    P-Value [Acc > NIR] : 0.04788   
                                    
                  Kappa : 1         
                                    
 Mcnemar's Test P-Value : NA        

Statistics by Class:

                     Class: Benign Class: MalwareActivity Class: MalwareAttack
Sensitivity                1.00000                 1.0000                   NA
Specificity                1.00000                 1.0000                    1
Pos Pred Value             1.00000                 1.0000                   NA
Neg Pred Value             1.00000                 1.0000                   NA
Prevalence                 0.02564                 0.9744                    0
Detection Rate             0.02564                 0.9744                    0
Detection Prevalence       0.02564                 0.9744                    0
Balanced Accuracy          1.00000                 1.0000                   NA
[1] "Accuracy is :  1"
[1] "********************************************************************"
[1] "Sat Apr 18 14:52:25 2020"
[1] "Sat Apr 18 14:52:25 2020"
[1] "Confusion matrix is :: "
Confusion Matrix and Statistics

                 Reference
Prediction        Benign MalwareActivity MalwareAttack
  Benign               4               0             0
  MalwareActivity      0             114             0
  MalwareAttack        0               0             0

Overall Statistics
                                     
               Accuracy : 1          
                 95% CI : (0.9692, 1)
    No Information Rate : 0.9661     
    P-Value [Acc > NIR] : 0.01709    
                                     
                  Kappa : 1          
                                     
 Mcnemar's Test P-Value : NA         

Statistics by Class:

                     Class: Benign Class: MalwareActivity Class: MalwareAttack
Sensitivity                 1.0000                 1.0000                   NA
Specificity                 1.0000                 1.0000                    1
Pos Pred Value              1.0000                 1.0000                   NA
Neg Pred Value              1.0000                 1.0000                   NA
Prevalence                  0.0339                 0.9661                    0
Detection Rate              0.0339                 0.9661                    0
Detection Prevalence        0.0339                 0.9661                    0
Balanced Accuracy           1.0000                 1.0000                   NA
[1] "Accuracy is :  1"
[1] "********************************************************************"
[1] "Sat Apr 18 14:52:25 2020"
[1] "Sat Apr 18 14:52:25 2020"
[1] "Confusion matrix is :: "
Confusion Matrix and Statistics

                 Reference
Prediction        Benign MalwareActivity MalwareAttack
  Benign               4               0             0
  MalwareActivity      0             115             0
  MalwareAttack        0               0             0

Overall Statistics
                                     
               Accuracy : 1          
                 95% CI : (0.9695, 1)
    No Information Rate : 0.9664     
    P-Value [Acc > NIR] : 0.0171     
                                     
                  Kappa : 1          
                                     
 Mcnemar's Test P-Value : NA         

Statistics by Class:

                     Class: Benign Class: MalwareActivity Class: MalwareAttack
Sensitivity                1.00000                 1.0000                   NA
Specificity                1.00000                 1.0000                    1
Pos Pred Value             1.00000                 1.0000                   NA
Neg Pred Value             1.00000                 1.0000                   NA
Prevalence                 0.03361                 0.9664                    0
Detection Rate             0.03361                 0.9664                    0
Detection Prevalence       0.03361                 0.9664                    0
Balanced Accuracy          1.00000                 1.0000                   NA
[1] "Accuracy is :  1"
$`Fold01`
[1] 1

$Fold02
[1] 1

$Fold03
[1] 1

$Fold04
[1] 1

$Fold05
[1] 1

$Fold06
[1] 1

$Fold07
[1] 1

$Fold08
[1] 1

$Fold09
[1] 1

$Fold10
[1] 1

[1] "=============================================================================="
[1] "=============================================================================="
[1] "=============================================================================="
[1] "Training set dimensions"
[1] 1181    5
[1] "Starting training linear SVM model for iteration  4"
[1] "Sat Apr 18 14:52:25 2020"
[1] "Sat Apr 18 14:52:25 2020"
[1] "End training linear SVM model for iteration  4"
[1] "No of support vectors 5 in iteration  4"
[1] "unique-test-set size 1553" "unique-test-set size 5"   
[1] "Confusion matrix for iteration  4"
Confusion Matrix and Statistics

                 Reference
Prediction        Benign MalwareActivity MalwareAttack
  Benign              87               6            33
  MalwareActivity     98            1289            40
  MalwareAttack        0               0             0

Overall Statistics
                                          
               Accuracy : 0.886           
                 95% CI : (0.8692, 0.9014)
    No Information Rate : 0.8339          
    P-Value [Acc > NIR] : 4.51e-09        
                                          
                  Kappa : 0.4915          
                                          
 Mcnemar's Test P-Value : < 2.2e-16       

Statistics by Class:

                     Class: Benign Class: MalwareActivity Class: MalwareAttack
Sensitivity                0.47027                 0.9954              0.00000
Specificity                0.97149                 0.4651              1.00000
Pos Pred Value             0.69048                 0.9033                  NaN
Neg Pred Value             0.93132                 0.9524              0.95299
Prevalence                 0.11912                 0.8339              0.04701
Detection Rate             0.05602                 0.8300              0.00000
Detection Prevalence       0.08113                 0.9189              0.00000
Balanced Accuracy          0.72088                 0.7302              0.50000
[1] "alldata-test-set size 117681" "alldata-test-set size 5"     
[1] "Confusion matrix for iteration  4"
Confusion Matrix and Statistics

                 Reference
Prediction        Benign MalwareActivity MalwareAttack
  Benign             105              57         39649
  MalwareActivity    428           11816         65626
  MalwareAttack        0               0             0

Overall Statistics
                                         
               Accuracy : 0.1013         
                 95% CI : (0.0996, 0.103)
    No Information Rate : 0.8946         
    P-Value [Acc > NIR] : 1              
                                         
                  Kappa : 0.0354         
                                         
 Mcnemar's Test P-Value : <2e-16         

Statistics by Class:

                     Class: Benign Class: MalwareActivity Class: MalwareAttack
Sensitivity              0.1969981                 0.9952               0.0000
Specificity              0.6610612                 0.3757               1.0000
Pos Pred Value           0.0026375                 0.1517                  NaN
Neg Pred Value           0.9945037                 0.9986               0.1054
Prevalence               0.0045292                 0.1009               0.8946
Detection Rate           0.0008922                 0.1004               0.0000
Detection Prevalence     0.3382959                 0.6617               0.0000
Balanced Accuracy        0.4290297                 0.6855               0.5000
[1] "Sat Apr 18 14:52:26 2020"
[1] "********************************************************************"
[1] "********************************************************************"
[1] "Sat Apr 18 14:52:26 2020"
[1] "Iteration  5"
[1] "=============================================================================="
[1] "=============================================================================="
[1] "=============================================================================="
[1] "10-FOLD CROSS VALIDATION RESULT FOR DATASET DIM 1176" "10-FOLD CROSS VALIDATION RESULT FOR DATASET DIM 5"   
[1] "Input Dataset dimensions "
[1] 1176    5
[1] "********************************************************************"
[1] "Sat Apr 18 14:52:26 2020"
[1] "Sat Apr 18 14:52:26 2020"
[1] "Confusion matrix is :: "
Confusion Matrix and Statistics

                 Reference
Prediction        Benign MalwareActivity MalwareAttack
  Benign               3               0             0
  MalwareActivity      0             114             0
  MalwareAttack        0               0             0

Overall Statistics
                                    
               Accuracy : 1         
                 95% CI : (0.969, 1)
    No Information Rate : 0.9744    
    P-Value [Acc > NIR] : 0.04788   
                                    
                  Kappa : 1         
                                    
 Mcnemar's Test P-Value : NA        

Statistics by Class:

                     Class: Benign Class: MalwareActivity Class: MalwareAttack
Sensitivity                1.00000                 1.0000                   NA
Specificity                1.00000                 1.0000                    1
Pos Pred Value             1.00000                 1.0000                   NA
Neg Pred Value             1.00000                 1.0000                   NA
Prevalence                 0.02564                 0.9744                    0
Detection Rate             0.02564                 0.9744                    0
Detection Prevalence       0.02564                 0.9744                    0
Balanced Accuracy          1.00000                 1.0000                   NA
[1] "Accuracy is :  1"
[1] "********************************************************************"
[1] "Sat Apr 18 14:52:26 2020"
[1] "Sat Apr 18 14:52:26 2020"
[1] "Confusion matrix is :: "
Confusion Matrix and Statistics

                 Reference
Prediction        Benign MalwareActivity MalwareAttack
  Benign               4               0             0
  MalwareActivity      0             114             0
  MalwareAttack        0               0             0

Overall Statistics
                                     
               Accuracy : 1          
                 95% CI : (0.9692, 1)
    No Information Rate : 0.9661     
    P-Value [Acc > NIR] : 0.01709    
                                     
                  Kappa : 1          
                                     
 Mcnemar's Test P-Value : NA         

Statistics by Class:

                     Class: Benign Class: MalwareActivity Class: MalwareAttack
Sensitivity                 1.0000                 1.0000                   NA
Specificity                 1.0000                 1.0000                    1
Pos Pred Value              1.0000                 1.0000                   NA
Neg Pred Value              1.0000                 1.0000                   NA
Prevalence                  0.0339                 0.9661                    0
Detection Rate              0.0339                 0.9661                    0
Detection Prevalence        0.0339                 0.9661                    0
Balanced Accuracy           1.0000                 1.0000                   NA
[1] "Accuracy is :  1"
[1] "********************************************************************"
[1] "Sat Apr 18 14:52:26 2020"
[1] "Sat Apr 18 14:52:26 2020"
[1] "Confusion matrix is :: "
Confusion Matrix and Statistics

                 Reference
Prediction        Benign MalwareActivity MalwareAttack
  Benign               4               0             0
  MalwareActivity      0             114             0
  MalwareAttack        0               0             0

Overall Statistics
                                     
               Accuracy : 1          
                 95% CI : (0.9692, 1)
    No Information Rate : 0.9661     
    P-Value [Acc > NIR] : 0.01709    
                                     
                  Kappa : 1          
                                     
 Mcnemar's Test P-Value : NA         

Statistics by Class:

                     Class: Benign Class: MalwareActivity Class: MalwareAttack
Sensitivity                 1.0000                 1.0000                   NA
Specificity                 1.0000                 1.0000                    1
Pos Pred Value              1.0000                 1.0000                   NA
Neg Pred Value              1.0000                 1.0000                   NA
Prevalence                  0.0339                 0.9661                    0
Detection Rate              0.0339                 0.9661                    0
Detection Prevalence        0.0339                 0.9661                    0
Balanced Accuracy           1.0000                 1.0000                   NA
[1] "Accuracy is :  1"
[1] "********************************************************************"
[1] "Sat Apr 18 14:52:26 2020"
[1] "Sat Apr 18 14:52:26 2020"
[1] "Confusion matrix is :: "
Confusion Matrix and Statistics

                 Reference
Prediction        Benign MalwareActivity MalwareAttack
  Benign               4               0             0
  MalwareActivity      0             114             0
  MalwareAttack        0               0             0

Overall Statistics
                                     
               Accuracy : 1          
                 95% CI : (0.9692, 1)
    No Information Rate : 0.9661     
    P-Value [Acc > NIR] : 0.01709    
                                     
                  Kappa : 1          
                                     
 Mcnemar's Test P-Value : NA         

Statistics by Class:

                     Class: Benign Class: MalwareActivity Class: MalwareAttack
Sensitivity                 1.0000                 1.0000                   NA
Specificity                 1.0000                 1.0000                    1
Pos Pred Value              1.0000                 1.0000                   NA
Neg Pred Value              1.0000                 1.0000                   NA
Prevalence                  0.0339                 0.9661                    0
Detection Rate              0.0339                 0.9661                    0
Detection Prevalence        0.0339                 0.9661                    0
Balanced Accuracy           1.0000                 1.0000                   NA
[1] "Accuracy is :  1"
[1] "********************************************************************"
[1] "Sat Apr 18 14:52:26 2020"
[1] "Sat Apr 18 14:52:26 2020"
[1] "Confusion matrix is :: "
Confusion Matrix and Statistics

                 Reference
Prediction        Benign MalwareActivity MalwareAttack
  Benign               3               0             0
  MalwareActivity      0             114             0
  MalwareAttack        0               0             0

Overall Statistics
                                    
               Accuracy : 1         
                 95% CI : (0.969, 1)
    No Information Rate : 0.9744    
    P-Value [Acc > NIR] : 0.04788   
                                    
                  Kappa : 1         
                                    
 Mcnemar's Test P-Value : NA        

Statistics by Class:

                     Class: Benign Class: MalwareActivity Class: MalwareAttack
Sensitivity                1.00000                 1.0000                   NA
Specificity                1.00000                 1.0000                    1
Pos Pred Value             1.00000                 1.0000                   NA
Neg Pred Value             1.00000                 1.0000                   NA
Prevalence                 0.02564                 0.9744                    0
Detection Rate             0.02564                 0.9744                    0
Detection Prevalence       0.02564                 0.9744                    0
Balanced Accuracy          1.00000                 1.0000                   NA
[1] "Accuracy is :  1"
[1] "********************************************************************"
[1] "Sat Apr 18 14:52:26 2020"
[1] "Sat Apr 18 14:52:26 2020"
[1] "Confusion matrix is :: "
Confusion Matrix and Statistics

                 Reference
Prediction        Benign MalwareActivity MalwareAttack
  Benign               3               0             0
  MalwareActivity      0             114             0
  MalwareAttack        0               0             0

Overall Statistics
                                    
               Accuracy : 1         
                 95% CI : (0.969, 1)
    No Information Rate : 0.9744    
    P-Value [Acc > NIR] : 0.04788   
                                    
                  Kappa : 1         
                                    
 Mcnemar's Test P-Value : NA        

Statistics by Class:

                     Class: Benign Class: MalwareActivity Class: MalwareAttack
Sensitivity                1.00000                 1.0000                   NA
Specificity                1.00000                 1.0000                    1
Pos Pred Value             1.00000                 1.0000                   NA
Neg Pred Value             1.00000                 1.0000                   NA
Prevalence                 0.02564                 0.9744                    0
Detection Rate             0.02564                 0.9744                    0
Detection Prevalence       0.02564                 0.9744                    0
Balanced Accuracy          1.00000                 1.0000                   NA
[1] "Accuracy is :  1"
[1] "********************************************************************"
[1] "Sat Apr 18 14:52:26 2020"
[1] "Sat Apr 18 14:52:26 2020"
[1] "Confusion matrix is :: "
Confusion Matrix and Statistics

                 Reference
Prediction        Benign MalwareActivity MalwareAttack
  Benign               3               0             0
  MalwareActivity      0             114             0
  MalwareAttack        0               0             0

Overall Statistics
                                    
               Accuracy : 1         
                 95% CI : (0.969, 1)
    No Information Rate : 0.9744    
    P-Value [Acc > NIR] : 0.04788   
                                    
                  Kappa : 1         
                                    
 Mcnemar's Test P-Value : NA        

Statistics by Class:

                     Class: Benign Class: MalwareActivity Class: MalwareAttack
Sensitivity                1.00000                 1.0000                   NA
Specificity                1.00000                 1.0000                    1
Pos Pred Value             1.00000                 1.0000                   NA
Neg Pred Value             1.00000                 1.0000                   NA
Prevalence                 0.02564                 0.9744                    0
Detection Rate             0.02564                 0.9744                    0
Detection Prevalence       0.02564                 0.9744                    0
Balanced Accuracy          1.00000                 1.0000                   NA
[1] "Accuracy is :  1"
[1] "********************************************************************"
[1] "Sat Apr 18 14:52:26 2020"
[1] "Sat Apr 18 14:52:26 2020"
[1] "Confusion matrix is :: "
Confusion Matrix and Statistics

                 Reference
Prediction        Benign MalwareActivity MalwareAttack
  Benign               3               0             0
  MalwareActivity      0             115             0
  MalwareAttack        0               0             0

Overall Statistics
                                     
               Accuracy : 1          
                 95% CI : (0.9692, 1)
    No Information Rate : 0.9746     
    P-Value [Acc > NIR] : 0.04789    
                                     
                  Kappa : 1          
                                     
 Mcnemar's Test P-Value : NA         

Statistics by Class:

                     Class: Benign Class: MalwareActivity Class: MalwareAttack
Sensitivity                1.00000                 1.0000                   NA
Specificity                1.00000                 1.0000                    1
Pos Pred Value             1.00000                 1.0000                   NA
Neg Pred Value             1.00000                 1.0000                   NA
Prevalence                 0.02542                 0.9746                    0
Detection Rate             0.02542                 0.9746                    0
Detection Prevalence       0.02542                 0.9746                    0
Balanced Accuracy          1.00000                 1.0000                   NA
[1] "Accuracy is :  1"
[1] "********************************************************************"
[1] "Sat Apr 18 14:52:26 2020"
[1] "Sat Apr 18 14:52:26 2020"
[1] "Confusion matrix is :: "
Confusion Matrix and Statistics

                 Reference
Prediction        Benign MalwareActivity MalwareAttack
  Benign               4               0             0
  MalwareActivity      0             114             0
  MalwareAttack        0               0             0

Overall Statistics
                                     
               Accuracy : 1          
                 95% CI : (0.9692, 1)
    No Information Rate : 0.9661     
    P-Value [Acc > NIR] : 0.01709    
                                     
                  Kappa : 1          
                                     
 Mcnemar's Test P-Value : NA         

Statistics by Class:

                     Class: Benign Class: MalwareActivity Class: MalwareAttack
Sensitivity                 1.0000                 1.0000                   NA
Specificity                 1.0000                 1.0000                    1
Pos Pred Value              1.0000                 1.0000                   NA
Neg Pred Value              1.0000                 1.0000                   NA
Prevalence                  0.0339                 0.9661                    0
Detection Rate              0.0339                 0.9661                    0
Detection Prevalence        0.0339                 0.9661                    0
Balanced Accuracy           1.0000                 1.0000                   NA
[1] "Accuracy is :  1"
[1] "********************************************************************"
[1] "Sat Apr 18 14:52:26 2020"
[1] "Sat Apr 18 14:52:26 2020"
[1] "Confusion matrix is :: "
Confusion Matrix and Statistics

                 Reference
Prediction        Benign MalwareActivity MalwareAttack
  Benign               4               0             0
  MalwareActivity      0             114             0
  MalwareAttack        0               0             0

Overall Statistics
                                     
               Accuracy : 1          
                 95% CI : (0.9692, 1)
    No Information Rate : 0.9661     
    P-Value [Acc > NIR] : 0.01709    
                                     
                  Kappa : 1          
                                     
 Mcnemar's Test P-Value : NA         

Statistics by Class:

                     Class: Benign Class: MalwareActivity Class: MalwareAttack
Sensitivity                 1.0000                 1.0000                   NA
Specificity                 1.0000                 1.0000                    1
Pos Pred Value              1.0000                 1.0000                   NA
Neg Pred Value              1.0000                 1.0000                   NA
Prevalence                  0.0339                 0.9661                    0
Detection Rate              0.0339                 0.9661                    0
Detection Prevalence        0.0339                 0.9661                    0
Balanced Accuracy           1.0000                 1.0000                   NA
[1] "Accuracy is :  1"
$`Fold01`
[1] 1

$Fold02
[1] 1

$Fold03
[1] 1

$Fold04
[1] 1

$Fold05
[1] 1

$Fold06
[1] 1

$Fold07
[1] 1

$Fold08
[1] 1

$Fold09
[1] 1

$Fold10
[1] 1

[1] "=============================================================================="
[1] "=============================================================================="
[1] "=============================================================================="
[1] "Training set dimensions"
[1] 1176    5
[1] "Starting training linear SVM model for iteration  5"
[1] "Sat Apr 18 14:52:26 2020"
[1] "Sat Apr 18 14:52:26 2020"
[1] "End training linear SVM model for iteration  5"
[1] "No of support vectors 4 in iteration  5"
[1] "unique-test-set size 1553" "unique-test-set size 5"   
[1] "Confusion matrix for iteration  5"
Confusion Matrix and Statistics

                 Reference
Prediction        Benign MalwareActivity MalwareAttack
  Benign              85               6            33
  MalwareActivity    100            1289            40
  MalwareAttack        0               0             0

Overall Statistics
                                          
               Accuracy : 0.8847          
                 95% CI : (0.8678, 0.9002)
    No Information Rate : 0.8339          
    P-Value [Acc > NIR] : 1.087e-08       
                                          
                  Kappa : 0.4836          
                                          
 Mcnemar's Test P-Value : < 2.2e-16       

Statistics by Class:

                     Class: Benign Class: MalwareActivity Class: MalwareAttack
Sensitivity                0.45946                 0.9954              0.00000
Specificity                0.97149                 0.4574              1.00000
Pos Pred Value             0.68548                 0.9020                  NaN
Neg Pred Value             0.93002                 0.9516              0.95299
Prevalence                 0.11912                 0.8339              0.04701
Detection Rate             0.05473                 0.8300              0.00000
Detection Prevalence       0.07985                 0.9202              0.00000
Balanced Accuracy          0.71548                 0.7264              0.50000
[1] "alldata-test-set size 117681" "alldata-test-set size 5"     
[1] "Confusion matrix for iteration  5"
Confusion Matrix and Statistics

                 Reference
Prediction        Benign MalwareActivity MalwareAttack
  Benign             103              57         39649
  MalwareActivity    430           11816         65626
  MalwareAttack        0               0             0

Overall Statistics
                                         
               Accuracy : 0.1013         
                 95% CI : (0.0996, 0.103)
    No Information Rate : 0.8946         
    P-Value [Acc > NIR] : 1              
                                         
                  Kappa : 0.0354         
                                         
 Mcnemar's Test P-Value : <2e-16         

Statistics by Class:

                     Class: Benign Class: MalwareActivity Class: MalwareAttack
Sensitivity              0.1932458                 0.9952               0.0000
Specificity              0.6610612                 0.3757               1.0000
Pos Pred Value           0.0025874                 0.1517                  NaN
Neg Pred Value           0.9944781                 0.9986               0.1054
Prevalence               0.0045292                 0.1009               0.8946
Detection Rate           0.0008752                 0.1004               0.0000
Detection Prevalence     0.3382789                 0.6617               0.0000
Balanced Accuracy        0.4271535                 0.6854               0.5000
[1] "Sat Apr 18 14:52:27 2020"
[1] "********************************************************************"
> 
> 
